natali_prog@DESKTOP-7T1OA10:~$ wget -O - https://apt.releases.hashicorp.com/gpg | sudo gpg --dearmor -o /usr/share/keyrings/hashicorp-archive-keyring.gpg
echo "deb [arch=$(dpkg --print-architecture) signed-by=/usr/share/keyrings/hashicorp-archive-keyring.gpg] https://apt.releases.hashicorp.com $(grep -oP '(?<=UBUNTU_CODENAME=).*' /etc/os-release || lsb_release -cs) main" | sudo tee /etc/apt/sources.list.d/hashicorp.list
sudo apt update && sudo apt install terraform
--2025-11-11 14:01:01--  https://apt.releases.hashicorp.com/gpg
[sudo] password for natali_prog: Resolving apt.releases.hashicorp.com (apt.releases.hashicorp.com)...108.157.98.21, 108.157.98.41, 108.157.98.48, ...
Connecting to apt.releases.hashicorp.com (apt.releases.hashicorp.com)|108.157.98.21|:443... connected.
HTTP request sent, awaiting response... 200 OK
Length: 3980 (3.9K) [binary/octet-stream]
Saving to: â€˜STDOUTâ€™

-                         100%[===================================>]   3.89K  --.-KB/s    in 0s

2025-11-11 14:01:01 (907 MB/s) - written to stdout [3980/3980]


sudo: a password is required
[sudo] password for natali_prog:
deb [arch=amd64 signed-by=/usr/share/keyrings/hashicorp-archive-keyring.gpg] https://apt.releases.hashicorp.com noble main
Hit:1 http://security.ubuntu.com/ubuntu noble-security InRelease
Hit:2 http://archive.ubuntu.com/ubuntu noble InRelease
Get:3 https://apt.releases.hashicorp.com noble InRelease [12.9 kB]
Hit:4 http://archive.ubuntu.com/ubuntu noble-updates InRelease
Hit:5 http://archive.ubuntu.com/ubuntu noble-backports InRelease
Fetched 12.9 kB in 0s (41.4 kB/s)
Reading package lists... Done
Building dependency tree... Done
Reading state information... Done
32 packages can be upgraded. Run 'apt list --upgradable' to see them.
Reading package lists... Done
Building dependency tree... Done
Reading state information... Done
The following packages will be upgraded:
  terraform
1 upgraded, 0 newly installed, 0 to remove and 31 not upgraded.
Need to get 29.7 MB of archives.
After this operation, 3437 kB disk space will be freed.
Get:1 https://apt.releases.hashicorp.com noble/main amd64 terraform amd64 1.13.5-1 [29.7 MB]
Fetched 29.7 MB in 1s (23.7 MB/s)
(Reading database ... 78794 files and directories currently installed.)
Preparing to unpack .../terraform_1.13.5-1_amd64.deb ...
Unpacking terraform (1.13.5-1) over (1.13.4-1) ...
Setting up terraform (1.13.5-1) ...
natali_prog@DESKTOP-7T1OA10:~$ cd terraform-lab1
-bash: cd: terraform-lab1: No such file or directory
natali_prog@DESKTOP-7T1OA10:~$ cd devops-adv/terraform-lab1
-bash: cd: devops-adv/terraform-lab1: No such file or directory
natali_prog@DESKTOP-7T1OA10:~$ cd devops_adv/terraform-lab1
natali_prog@DESKTOP-7T1OA10:~/devops_adv/terraform-lab1$ code .
natali_prog@DESKTOP-7T1OA10:~/devops_adv/terraform-lab1$ terraform init
Initializing the backend...
Initializing provider plugins...
- Finding kreuzwerker/docker versions matching "~> 3.0.1"...
- Installing kreuzwerker/docker v3.0.2...
- Installed kreuzwerker/docker v3.0.2 (self-signed, key ID BD080C4571C6104C)
Partner and community providers are signed by their developers.
If you'd like to know more about provider signing, you can read about it here:
https://developer.hashicorp.com/terraform/cli/plugins/signing
Terraform has created a lock file .terraform.lock.hcl to record the provider
selections it made above. Include this file in your version control repository
so that Terraform can guarantee to make the same selections by default when
you run "terraform init" in the future.

Terraform has been successfully initialized!

You may now begin working with Terraform. Try running "terraform plan" to see
any changes that are required for your infrastructure. All Terraform commands
should now work.

If you ever set or change modules or backend configuration for Terraform,
rerun this command to reinitialize your working directory. If you forget, other
commands will detect it and remind you to do so if necessary.
natali_prog@DESKTOP-7T1OA10:~/devops_adv/terraform-lab1$ terraform plan
â•·
â”‚ Error: Unsupported attribute
â”‚
â”‚   on main.tf line 20, in resource "docker_container" "web":
â”‚   20:   image = docker_image.nginx.latest
â”‚
â”‚ This object has no argument, nested block, or exported attribute named "latest".
â•µ
natali_prog@DESKTOP-7T1OA10:~/devops_adv/terraform-lab1$ minikube start --driver=docker --cpus=4 --memory=4096 --disk-size=20g
ðŸ˜„  minikube v1.37.0 on Ubuntu 24.04 (kvm/amd64)
âœ¨  Using the docker driver based on existing profile
â—  You cannot change the disk size for an existing minikube cluster. Please first delete the cluster.
ðŸ‘  Starting "minikube" primary control-plane node in "minikube" cluster
ðŸšœ  Pulling base image v0.0.48 ...
ðŸ”„  Restarting existing docker container for "minikube" ...
ðŸ³  Preparing Kubernetes v1.34.0 on Docker 28.4.0 ...
ðŸ”Ž  Verifying Kubernetes components...
    â–ª Using image gcr.io/k8s-minikube/storage-provisioner:v5
ðŸŒŸ  Enabled addons: storage-provisioner, default-storageclass
ðŸ„  Done! kubectl is now configured to use "minikube" cluster and "default" namespace by default
natali_prog@DESKTOP-7T1OA10:~/devops_adv/terraform-lab1$ # Check Minikube status
minikube status

# Check cluster info
kubectl cluster-info

# Check nodes
kubectl get nodes

# You should see a single node in "Ready" state
minikube
type: Control Plane
host: Running
kubelet: Running
apiserver: Running
kubeconfig: Configured

Kubernetes control plane is running at https://127.0.0.1:32771
CoreDNS is running at https://127.0.0.1:32771/api/v1/namespaces/kube-system/services/kube-dns:dns/proxy

To further debug and diagnose cluster problems, use 'kubectl cluster-info dump'.
NAME       STATUS   ROLES           AGE     VERSION
minikube   Ready    control-plane   6d15h   v1.34.0
natali_prog@DESKTOP-7T1OA10:~/devops_adv/terraform-lab1$ # Enable metrics server (for monitoring)
minikube addons enable metrics-server

# Enable ingress (for HTTP routing)
minikube addons enable ingress

# Verify addons
minikube addons list
ðŸ’¡  metrics-server is an addon maintained by Kubernetes. For any concerns contact minikube on GitHub.
You can view the list of minikube maintainers at: https://github.com/kubernetes/minikube/blob/master/OWNERS
    â–ª Using image registry.k8s.io/metrics-server/metrics-server:v0.8.0
ðŸŒŸ  The 'metrics-server' addon is enabled
ðŸ’¡  ingress is an addon maintained by Kubernetes. For any concerns contact minikube on GitHub.
You can view the list of minikube maintainers at: https://github.com/kubernetes/minikube/blob/master/OWNERS
    â–ª Using image registry.k8s.io/ingress-nginx/controller:v1.13.2
    â–ª Using image registry.k8s.io/ingress-nginx/kube-webhook-certgen:v1.6.2
    â–ª Using image registry.k8s.io/ingress-nginx/kube-webhook-certgen:v1.6.2
ðŸ”Ž  Verifying ingress addon...
ðŸŒŸ  The 'ingress' addon is enabled
â”Œâ”€â”€â”€â”€â”€â”€â”€â”€â”€â”€â”€â”€â”€â”€â”€â”€â”€â”€â”€â”€â”€â”€â”€â”€â”€â”€â”€â”€â”€â”¬â”€â”€â”€â”€â”€â”€â”€â”€â”€â”€â”¬â”€â”€â”€â”€â”€â”€â”€â”€â”€â”€â”€â”€â”¬â”€â”€â”€â”€â”€â”€â”€â”€â”€â”€â”€â”€â”€â”€â”€â”€â”€â”€â”€â”€â”€â”€â”€â”€â”€â”€â”€â”€â”€â”€â”€â”€â”€â”€â”€â”€â”€â”€â”€â”€â”
â”‚         ADDON NAME          â”‚ PROFILE  â”‚   STATUS   â”‚               MAINTAINER               â”‚
â”œâ”€â”€â”€â”€â”€â”€â”€â”€â”€â”€â”€â”€â”€â”€â”€â”€â”€â”€â”€â”€â”€â”€â”€â”€â”€â”€â”€â”€â”€â”¼â”€â”€â”€â”€â”€â”€â”€â”€â”€â”€â”¼â”€â”€â”€â”€â”€â”€â”€â”€â”€â”€â”€â”€â”¼â”€â”€â”€â”€â”€â”€â”€â”€â”€â”€â”€â”€â”€â”€â”€â”€â”€â”€â”€â”€â”€â”€â”€â”€â”€â”€â”€â”€â”€â”€â”€â”€â”€â”€â”€â”€â”€â”€â”€â”€â”¤
â”‚ ambassador                  â”‚ minikube â”‚ disabled   â”‚ 3rd party (Ambassador)                 â”‚
â”‚ amd-gpu-device-plugin       â”‚ minikube â”‚ disabled   â”‚ 3rd party (AMD)                        â”‚
â”‚ auto-pause                  â”‚ minikube â”‚ disabled   â”‚ minikube                               â”‚
â”‚ cloud-spanner               â”‚ minikube â”‚ disabled   â”‚ Google                                 â”‚
â”‚ csi-hostpath-driver         â”‚ minikube â”‚ disabled   â”‚ Kubernetes                             â”‚
â”‚ dashboard                   â”‚ minikube â”‚ disabled   â”‚ Kubernetes                             â”‚
â”‚ default-storageclass        â”‚ minikube â”‚ enabled âœ… â”‚ Kubernetes                             â”‚
â”‚ efk                         â”‚ minikube â”‚ disabled   â”‚ 3rd party (Elastic)                    â”‚
â”‚ freshpod                    â”‚ minikube â”‚ disabled   â”‚ Google                                 â”‚
â”‚ gcp-auth                    â”‚ minikube â”‚ disabled   â”‚ Google                                 â”‚
â”‚ gvisor                      â”‚ minikube â”‚ disabled   â”‚ minikube                               â”‚
â”‚ headlamp                    â”‚ minikube â”‚ disabled   â”‚ 3rd party (kinvolk.io)                 â”‚
â”‚ inaccel                     â”‚ minikube â”‚ disabled   â”‚ 3rd party (InAccel [info@inaccel.com]) â”‚
â”‚ ingress                     â”‚ minikube â”‚ enabled âœ… â”‚ Kubernetes                             â”‚
â”‚ ingress-dns                 â”‚ minikube â”‚ disabled   â”‚ minikube                               â”‚
â”‚ inspektor-gadget            â”‚ minikube â”‚ disabled   â”‚ 3rd party (inspektor-gadget.io)        â”‚
â”‚ istio                       â”‚ minikube â”‚ disabled   â”‚ 3rd party (Istio)                      â”‚
â”‚ istio-provisioner           â”‚ minikube â”‚ disabled   â”‚ 3rd party (Istio)                      â”‚
â”‚ kong                        â”‚ minikube â”‚ disabled   â”‚ 3rd party (Kong HQ)                    â”‚
â”‚ kubeflow                    â”‚ minikube â”‚ disabled   â”‚ 3rd party                              â”‚
â”‚ kubetail                    â”‚ minikube â”‚ disabled   â”‚ 3rd party (kubetail.com)               â”‚
â”‚ kubevirt                    â”‚ minikube â”‚ disabled   â”‚ 3rd party (KubeVirt)                   â”‚
â”‚ logviewer                   â”‚ minikube â”‚ disabled   â”‚ 3rd party (unknown)                    â”‚
â”‚ metallb                     â”‚ minikube â”‚ disabled   â”‚ 3rd party (MetalLB)                    â”‚
â”‚ metrics-server              â”‚ minikube â”‚ enabled âœ… â”‚ Kubernetes                             â”‚
â”‚ nvidia-device-plugin        â”‚ minikube â”‚ disabled   â”‚ 3rd party (NVIDIA)                     â”‚
â”‚ nvidia-driver-installer     â”‚ minikube â”‚ disabled   â”‚ 3rd party (NVIDIA)                     â”‚
â”‚ nvidia-gpu-device-plugin    â”‚ minikube â”‚ disabled   â”‚ 3rd party (NVIDIA)                     â”‚
â”‚ olm                         â”‚ minikube â”‚ disabled   â”‚ 3rd party (Operator Framework)         â”‚
â”‚ pod-security-policy         â”‚ minikube â”‚ disabled   â”‚ 3rd party (unknown)                    â”‚
â”‚ portainer                   â”‚ minikube â”‚ disabled   â”‚ 3rd party (Portainer.io)               â”‚
â”‚ registry                    â”‚ minikube â”‚ disabled   â”‚ minikube                               â”‚
â”‚ registry-aliases            â”‚ minikube â”‚ disabled   â”‚ 3rd party (unknown)                    â”‚
â”‚ registry-creds              â”‚ minikube â”‚ disabled   â”‚ 3rd party (UPMC Enterprises)           â”‚
â”‚ storage-provisioner         â”‚ minikube â”‚ enabled âœ… â”‚ minikube                               â”‚
â”‚ storage-provisioner-gluster â”‚ minikube â”‚ disabled   â”‚ 3rd party (Gluster)                    â”‚
â”‚ storage-provisioner-rancher â”‚ minikube â”‚ disabled   â”‚ 3rd party (Rancher)                    â”‚
â”‚ volcano                     â”‚ minikube â”‚ disabled   â”‚ third-party (volcano)                  â”‚
â”‚ volumesnapshots             â”‚ minikube â”‚ disabled   â”‚ Kubernetes                             â”‚
â”‚ yakd                        â”‚ minikube â”‚ disabled   â”‚ 3rd party (marcnuri.com)               â”‚
â””â”€â”€â”€â”€â”€â”€â”€â”€â”€â”€â”€â”€â”€â”€â”€â”€â”€â”€â”€â”€â”€â”€â”€â”€â”€â”€â”€â”€â”€â”´â”€â”€â”€â”€â”€â”€â”€â”€â”€â”€â”´â”€â”€â”€â”€â”€â”€â”€â”€â”€â”€â”€â”€â”´â”€â”€â”€â”€â”€â”€â”€â”€â”€â”€â”€â”€â”€â”€â”€â”€â”€â”€â”€â”€â”€â”€â”€â”€â”€â”€â”€â”€â”€â”€â”€â”€â”€â”€â”€â”€â”€â”€â”€â”€â”˜
natali_prog@DESKTOP-7T1OA10:~/devops_adv/terraform-lab1$ terraform init
Initializing the backend...
Initializing provider plugins...
- Reusing previous version of kreuzwerker/docker from the dependency lock file
- Using previously-installed kreuzwerker/docker v3.0.2

Terraform has been successfully initialized!

You may now begin working with Terraform. Try running "terraform plan" to see
any changes that are required for your infrastructure. All Terraform commands
should now work.

If you ever set or change modules or backend configuration for Terraform,
rerun this command to reinitialize your working directory. If you forget, other
commands will detect it and remind you to do so if necessary.
natali_prog@DESKTOP-7T1OA10:~/devops_adv/terraform-lab1$ terraform plan
â•·
â”‚ Error: Unsupported attribute
â”‚
â”‚   on main.tf line 20, in resource "docker_container" "web":
â”‚   20:   image = docker_image.nginx.latest
â”‚
â”‚ This object has no argument, nested block, or exported attribute named "latest".
â•µ
natali_prog@DESKTOP-7T1OA10:~/devops_adv/terraform-lab1$ terraform init
Initializing the backend...
Initializing provider plugins...
- Reusing previous version of kreuzwerker/docker from the dependency lock file
- Using previously-installed kreuzwerker/docker v3.0.2

Terraform has been successfully initialized!

You may now begin working with Terraform. Try running "terraform plan" to see
any changes that are required for your infrastructure. All Terraform commands
should now work.

If you ever set or change modules or backend configuration for Terraform,
rerun this command to reinitialize your working directory. If you forget, other
commands will detect it and remind you to do so if necessary.
natali_prog@DESKTOP-7T1OA10:~/devops_adv/terraform-lab1$ terraform plan

Terraform used the selected providers to generate the following execution plan. Resource actions are
indicated with the following symbols:
  + create

Terraform will perform the following actions:

  # docker_container.web will be created
  + resource "docker_container" "web" {
      + attach                                      = false
      + bridge                                      = (known after apply)
      + command                                     = (known after apply)
      + container_logs                              = (known after apply)
      + container_read_refresh_timeout_milliseconds = 15000
      + entrypoint                                  = (known after apply)
      + env                                         = (known after apply)
      + exit_code                                   = (known after apply)
      + hostname                                    = (known after apply)
      + id                                          = (known after apply)
      + image                                       = (known after apply)
      + init                                        = (known after apply)
      + ipc_mode                                    = (known after apply)
      + log_driver                                  = (known after apply)
      + logs                                        = false
      + must_run                                    = true
      + name                                        = "web_server"
      + network_data                                = (known after apply)
      + read_only                                   = false
      + remove_volumes                              = true
      + restart                                     = "no"
      + rm                                          = false
      + runtime                                     = (known after apply)
      + security_opts                               = (known after apply)
      + shm_size                                    = (known after apply)
      + start                                       = true
      + stdin_open                                  = false
      + stop_signal                                 = (known after apply)
      + stop_timeout                                = (known after apply)
      + tty                                         = false
      + wait                                        = false
      + wait_timeout                                = 60

      + healthcheck (known after apply)

      + labels (known after apply)

      + ports {
          + external = 8080
          + internal = 80
          + ip       = "0.0.0.0"
          + protocol = "tcp"
        }
    }

  # docker_image.nginx will be created
  + resource "docker_image" "nginx" {
      + id          = (known after apply)
      + image_id    = (known after apply)
      + name        = "nginx:latest"
      + repo_digest = (known after apply)
    }

Plan: 2 to add, 0 to change, 0 to destroy.

â”€â”€â”€â”€â”€â”€â”€â”€â”€â”€â”€â”€â”€â”€â”€â”€â”€â”€â”€â”€â”€â”€â”€â”€â”€â”€â”€â”€â”€â”€â”€â”€â”€â”€â”€â”€â”€â”€â”€â”€â”€â”€â”€â”€â”€â”€â”€â”€â”€â”€â”€â”€â”€â”€â”€â”€â”€â”€â”€â”€â”€â”€â”€â”€â”€â”€â”€â”€â”€â”€â”€â”€â”€â”€â”€â”€â”€â”€â”€â”€â”€â”€â”€â”€â”€â”€â”€â”€â”€â”€â”€â”€â”€â”€â”€â”€â”€â”€â”€â”€â”€

Note: You didn't use the -out option to save this plan, so Terraform can't guarantee to take exactly
these actions if you run "terraform apply" now.
natali_prog@DESKTOP-7T1OA10:~/devops_adv/terraform-lab1$ terraform apply

Terraform used the selected providers to generate the following execution plan. Resource actions are
indicated with the following symbols:
  + create

Terraform will perform the following actions:

  # docker_container.web will be created
  + resource "docker_container" "web" {
      + attach                                      = false
      + bridge                                      = (known after apply)
      + command                                     = (known after apply)
      + container_logs                              = (known after apply)
      + container_read_refresh_timeout_milliseconds = 15000
      + entrypoint                                  = (known after apply)
      + env                                         = (known after apply)
      + exit_code                                   = (known after apply)
      + hostname                                    = (known after apply)
      + id                                          = (known after apply)
      + image                                       = (known after apply)
      + init                                        = (known after apply)
      + ipc_mode                                    = (known after apply)
      + log_driver                                  = (known after apply)
      + logs                                        = false
      + must_run                                    = true
      + name                                        = "web_server"
      + network_data                                = (known after apply)
      + read_only                                   = false
      + remove_volumes                              = true
      + restart                                     = "no"
      + rm                                          = false
      + runtime                                     = (known after apply)
      + security_opts                               = (known after apply)
      + shm_size                                    = (known after apply)
      + start                                       = true
      + stdin_open                                  = false
      + stop_signal                                 = (known after apply)
      + stop_timeout                                = (known after apply)
      + tty                                         = false
      + wait                                        = false
      + wait_timeout                                = 60

      + healthcheck (known after apply)

      + labels (known after apply)

      + ports {
          + external = 8080
          + internal = 80
          + ip       = "0.0.0.0"
          + protocol = "tcp"
        }
    }

  # docker_image.nginx will be created
  + resource "docker_image" "nginx" {
      + id          = (known after apply)
      + image_id    = (known after apply)
      + name        = "nginx:latest"
      + repo_digest = (known after apply)
    }

Plan: 2 to add, 0 to change, 0 to destroy.

Do you want to perform these actions?
  Terraform will perform the actions described above.
  Only 'yes' will be accepted to approve.

  Enter a value: yes

docker_image.nginx: Creating...
docker_image.nginx: Creation complete after 4s [id=sha256:d261fd19cb63238535ab80d4e1be1d9e7f6c8b5a28a820188968dd3e6f06072dnginx:latest]
docker_container.web: Creating...
docker_container.web: Creation complete after 1s [id=8f84392f1a30c3925b4fa32e27ab9b6a0e500ba7fe2a9121274fdc2fe352092e]

Apply complete! Resources: 2 added, 0 changed, 0 destroyed.
natali_prog@DESKTOP-7T1OA10:~/devops_adv/terraform-lab1$ docker ps
CONTAINER ID   IMAGE                                 COMMAND                  CREATED         STATUS       PORTS                                        NAMES
8f84392f1a30   d261fd19cb63                          "/docker-entrypoint.â€¦"   5 seconds ago   Up 4 seconds   0.0.0.0:8080->80/tcp                                        web_server
ca03edbd6caf   gcr.io/k8s-minikube/kicbase:v0.0.48   "/usr/local/bin/entrâ€¦"   6 days ago      Up 6 minutes   127.0.0.1:32768->22/tcp, 127.0.0.1:32769->2376/tcp, 127.0.0.1:32770->5000/tcp, 127.0.0.1:32771->8443/tcp, 127.0.0.1:32772->32443/tcp   minikube
natali_prog@DESKTOP-7T1OA10:~/devops_adv/terraform-lab1$ cat terraform.tfstate
{
  "version": 4,
  "terraform_version": "1.13.5",
  "serial": 3,
  "lineage": "c9ee1dc5-2469-7f04-afc3-3fef65990a9f",
  "outputs": {},
  "resources": [
    {
      "mode": "managed",
      "type": "docker_container",
      "name": "web",
      "provider": "provider[\"registry.terraform.io/kreuzwerker/docker\"]",
      "instances": [
        {
          "schema_version": 2,
          "attributes": {
            "attach": false,
            "bridge": "",
            "capabilities": [],
            "cgroupns_mode": null,
            "command": [
              "nginx",
              "-g",
              "daemon off;"
            ],
            "container_logs": null,
            "container_read_refresh_timeout_milliseconds": 15000,
            "cpu_set": "",
            "cpu_shares": 0,
            "destroy_grace_seconds": null,
            "devices": [],
            "dns": null,
            "dns_opts": null,
            "dns_search": null,
            "domainname": "",
            "entrypoint": [
              "/docker-entrypoint.sh"
            ],
            "env": [],
            "exit_code": null,
            "gpus": null,
            "group_add": null,
            "healthcheck": null,
            "host": [],
            "hostname": "8f84392f1a30",
            "id": "8f84392f1a30c3925b4fa32e27ab9b6a0e500ba7fe2a9121274fdc2fe352092e",
            "image": "sha256:d261fd19cb63238535ab80d4e1be1d9e7f6c8b5a28a820188968dd3e6f06072d",
            "init": false,
            "ipc_mode": "private",
            "labels": [],
            "log_driver": "json-file",
            "log_opts": null,
            "logs": false,
            "max_retry_count": 0,
            "memory": 0,
            "memory_swap": 0,
            "mounts": [],
            "must_run": true,
            "name": "web_server",
            "network_data": [
              {
                "gateway": "172.17.0.1",
                "global_ipv6_address": "",
                "global_ipv6_prefix_length": 0,
                "ip_address": "172.17.0.2",
                "ip_prefix_length": 16,
                "ipv6_gateway": "",
                "mac_address": "26:a3:96:d8:67:5e",
                "network_name": "bridge"
              }
            ],
            "network_mode": "bridge",
            "networks_advanced": [],
            "pid_mode": "",
            "ports": [
              {
                "external": 8080,
                "internal": 80,
                "ip": "0.0.0.0",
                "protocol": "tcp"
              }
            ],
            "privileged": false,
            "publish_all_ports": false,
            "read_only": false,
            "remove_volumes": true,
            "restart": "no",
            "rm": false,
            "runtime": "runc",
            "security_opts": [],
            "shm_size": 64,
            "start": true,
            "stdin_open": false,
            "stop_signal": "SIGQUIT",
            "stop_timeout": 0,
            "storage_opts": null,
            "sysctls": null,
            "tmpfs": null,
            "tty": false,
            "ulimit": [],
            "upload": [],
            "user": "",
            "userns_mode": "",
            "volumes": [],
            "wait": false,
            "wait_timeout": 60,
            "working_dir": ""
          },
          "sensitive_attributes": [],
          "identity_schema_version": 0,
          "private": "eyJzY2hlbWFfdmVyc2lvbiI6IjIifQ==",
          "dependencies": [
            "docker_image.nginx"
          ]
        }
      ]
    },
    {
      "mode": "managed",
      "type": "docker_image",
      "name": "nginx",
      "provider": "provider[\"registry.terraform.io/kreuzwerker/docker\"]",
      "instances": [
        {
          "schema_version": 0,
          "attributes": {
            "build": [],
            "force_remove": null,
            "id": "sha256:d261fd19cb63238535ab80d4e1be1d9e7f6c8b5a28a820188968dd3e6f06072dnginx:latest",
            "image_id": "sha256:d261fd19cb63238535ab80d4e1be1d9e7f6c8b5a28a820188968dd3e6f06072d",
            "keep_locally": null,
            "name": "nginx:latest",
            "platform": null,
            "pull_triggers": null,
            "repo_digest": "nginx@sha256:1beed3ca46acebe9d3fb62e9067f03d05d5bfa97a00f30938a0a3580563272ad",
            "triggers": null
          },
          "sensitive_attributes": [],
          "identity_schema_version": 0,
          "private": "bnVsbA=="
        }
      ]
    }
  ],
  "check_results": null
}
natali_prog@DESKTOP-7T1OA10:~/devops_adv/terraform-lab1$ terraform destroy
docker_image.nginx: Refreshing state... [id=sha256:d261fd19cb63238535ab80d4e1be1d9e7f6c8b5a28a820188968dd3e6f06072dnginx:latest]
docker_container.web: Refreshing state... [id=8f84392f1a30c3925b4fa32e27ab9b6a0e500ba7fe2a9121274fdc2fe352092e]

Terraform used the selected providers to generate the following execution plan. Resource actions are
indicated with the following symbols:
  - destroy

Terraform will perform the following actions:

  # docker_container.web will be destroyed
  - resource "docker_container" "web" {
      - attach                                      = false -> null
      - command                                     = [
          - "nginx",
          - "-g",
          - "daemon off;",
        ] -> null
      - container_read_refresh_timeout_milliseconds = 15000 -> null
      - cpu_shares                                  = 0 -> null
      - dns                                         = [] -> null
      - dns_opts                                    = [] -> null
      - dns_search                                  = [] -> null
      - entrypoint                                  = [
          - "/docker-entrypoint.sh",
        ] -> null
      - env                                         = [] -> null
      - group_add                                   = [] -> null
      - hostname                                    = "8f84392f1a30" -> null
      - id                                          = "8f84392f1a30c3925b4fa32e27ab9b6a0e500ba7fe2a9121274fdc2fe352092e" -> null
      - image                                       = "sha256:d261fd19cb63238535ab80d4e1be1d9e7f6c8b5a28a820188968dd3e6f06072d" -> null
      - init                                        = false -> null
      - ipc_mode                                    = "private" -> null
      - log_driver                                  = "json-file" -> null
      - log_opts                                    = {} -> null
      - logs                                        = false -> null
      - max_retry_count                             = 0 -> null
      - memory                                      = 0 -> null
      - memory_swap                                 = 0 -> null
      - must_run                                    = true -> null
      - name                                        = "web_server" -> null
      - network_data                                = [
          - {
              - gateway                   = "172.17.0.1"
              - global_ipv6_prefix_length = 0
              - ip_address                = "172.17.0.2"
              - ip_prefix_length          = 16
              - mac_address               = "26:a3:96:d8:67:5e"
              - network_name              = "bridge"
                # (2 unchanged attributes hidden)
            },
        ] -> null
      - network_mode                                = "bridge" -> null
      - privileged                                  = false -> null
      - publish_all_ports                           = false -> null
      - read_only                                   = false -> null
      - remove_volumes                              = true -> null
      - restart                                     = "no" -> null
      - rm                                          = false -> null
      - runtime                                     = "runc" -> null
      - security_opts                               = [] -> null
      - shm_size                                    = 64 -> null
      - start                                       = true -> null
      - stdin_open                                  = false -> null
      - stop_signal                                 = "SIGQUIT" -> null
      - stop_timeout                                = 0 -> null
      - storage_opts                                = {} -> null
      - sysctls                                     = {} -> null
      - tmpfs                                       = {} -> null
      - tty                                         = false -> null
      - wait                                        = false -> null
      - wait_timeout                                = 60 -> null
        # (7 unchanged attributes hidden)

      - ports {
          - external = 8080 -> null
          - internal = 80 -> null
          - ip       = "0.0.0.0" -> null
          - protocol = "tcp" -> null
        }
    }

  # docker_image.nginx will be destroyed
  - resource "docker_image" "nginx" {
      - id          = "sha256:d261fd19cb63238535ab80d4e1be1d9e7f6c8b5a28a820188968dd3e6f06072dnginx:latest" -> null
      - image_id    = "sha256:d261fd19cb63238535ab80d4e1be1d9e7f6c8b5a28a820188968dd3e6f06072d" -> null
      - name        = "nginx:latest" -> null
      - repo_digest = "nginx@sha256:1beed3ca46acebe9d3fb62e9067f03d05d5bfa97a00f30938a0a3580563272ad"-> null
    }

Plan: 0 to add, 0 to change, 2 to destroy.

Do you really want to destroy all resources?
  Terraform will destroy all your managed infrastructure, as shown above.
  There is no undo. Only 'yes' will be accepted to confirm.

  Enter a value: yes

docker_container.web: Destroying... [id=8f84392f1a30c3925b4fa32e27ab9b6a0e500ba7fe2a9121274fdc2fe352092e]
docker_container.web: Destruction complete after 0s
docker_image.nginx: Destroying... [id=sha256:d261fd19cb63238535ab80d4e1be1d9e7f6c8b5a28a820188968dd3e6f06072dnginx:latest]
docker_image.nginx: Destruction complete after 0s

Destroy complete! Resources: 2 destroyed.
natali_prog@DESKTOP-7T1OA10:~/devops_adv/terraform-lab1$ terraform destroy
